<select id="page-section-field" name="page[section][field]"><option value="one" >One Option</option><option value="two"  selected='selected'>Second Option</option></select> <label for="page-section-field"> Field description.</label>